23:48:17 **** Build of configuration Debug for project XADC_DEMO ****
make all 
make --no-print-directory pre-build
a9-linaro-pre-build-step
' '
make --no-print-directory main-build
'Building file: ../src/helloworld.c'
'Invoking: ARM v7 gcc compiler'
arm-none-eabi-gcc -Wall -O0 -g3 -c -fmessage-length=0 -MT"src/helloworld.o" -mcpu=cortex-a9 -mfpu=vfpv3 -mfloat-abi=hard -IC:/Users/umber/ZYBO_WORKSPACE/XACD/export/XACD/sw/XACD/standalone_domain/bspinclude/include -MMD -MP -MF"src/helloworld.d" -MT"src/helloworld.o" -o "src/helloworld.o" "../src/helloworld.c"
'Finished building: ../src/helloworld.c'
' '
'Building file: ../src/platform.c'
'Invoking: ARM v7 gcc compiler'
arm-none-eabi-gcc -Wall -O0 -g3 -c -fmessage-length=0 -MT"src/platform.o" -mcpu=cortex-a9 -mfpu=vfpv3 -mfloat-abi=hard -IC:/Users/umber/ZYBO_WORKSPACE/XACD/export/XACD/sw/XACD/standalone_domain/bspinclude/include -MMD -MP -MF"src/platform.d" -MT"src/platform.o" -o "src/platform.o" "../src/platform.c"
'Finished building: ../src/platform.c'
' '
'Building target: XADC_DEMO.elf'
'Invoking: ARM v7 gcc linker'
arm-none-eabi-gcc -mcpu=cortex-a9 -mfpu=vfpv3 -mfloat-abi=hard -Wl,-build-id=none -specs=Xilinx.spec -Wl,-T -Wl,../src/lscript.ld -LC:/Users/umber/ZYBO_WORKSPACE/XACD/export/XACD/sw/XACD/standalone_domain/bsplib/lib -o "XADC_DEMO.elf"  ./src/helloworld.o ./src/platform.o   -Wl,--start-group,-lxil,-lgcc,-lc,--end-group
'Finished building target: XADC_DEMO.elf'
' '
'Invoking: ARM v7 Print Size'
arm-none-eabi-size XADC_DEMO.elf  |tee "XADC_DEMO.elf.size"
   text	   data	    bss	    dec	    hex	filename
  38020	   1552	  23288	  62860	   f58c	XADC_DEMO.elf
'Finished building: XADC_DEMO.elf.size'
' '

23:48:19 Build Finished (took 2s.62ms)

